<?xml version="1.0" encoding="ISO-8859-1" ?>
<link_info>
   <banner>MSP430 Linker PC v18.12.4.LTS</banner>
   <copyright>Copyright (c) 2003-2018 Texas Instruments Incorporated</copyright>
   <link_time>0x5e738afc</link_time>
   <link_errors>0x0</link_errors>
   <output_file>D.LCD_Timers.out</output_file>
   <entry_point>
      <name>_c_int00_noinit_noargs</name>
      <address>0xe1f2</address>
   </entry_point>
   <input_file_list>
      <input_file id="fl-2">
         <path>.\</path>
         <kind>object</kind>
         <file>LCD.obj</file>
         <name>LCD.obj</name>
      </input_file>
      <input_file id="fl-3">
         <path>.\</path>
         <kind>object</kind>
         <file>Timer.obj</file>
         <name>Timer.obj</name>
      </input_file>
      <input_file id="fl-4">
         <path>.\</path>
         <kind>object</kind>
         <file>main.obj</file>
         <name>main.obj</name>
      </input_file>
      <input_file id="fl-9">
         <kind>object</kind>
         <file>&lt;internal&gt;</file>
         <name>&lt;internal&gt;</name>
      </input_file>
      <input_file id="fl-1f">
         <path>C:\ti\ccs930\ccs\tools\compiler\ti-cgt-msp430_18.12.4.LTS\lib\</path>
         <kind>archive</kind>
         <file>rts430_eabi.lib</file>
         <name>epilog.asm.obj</name>
      </input_file>
      <input_file id="fl-20">
         <path>C:\ti\ccs930\ccs\tools\compiler\ti-cgt-msp430_18.12.4.LTS\lib\</path>
         <kind>archive</kind>
         <file>rts430_eabi.lib</file>
         <name>int02.asm.obj</name>
      </input_file>
      <input_file id="fl-21">
         <path>C:\ti\ccs930\ccs\tools\compiler\ti-cgt-msp430_18.12.4.LTS\lib\</path>
         <kind>archive</kind>
         <file>rts430_eabi.lib</file>
         <name>int03.asm.obj</name>
      </input_file>
      <input_file id="fl-22">
         <path>C:\ti\ccs930\ccs\tools\compiler\ti-cgt-msp430_18.12.4.LTS\lib\</path>
         <kind>archive</kind>
         <file>rts430_eabi.lib</file>
         <name>int04.asm.obj</name>
      </input_file>
      <input_file id="fl-23">
         <path>C:\ti\ccs930\ccs\tools\compiler\ti-cgt-msp430_18.12.4.LTS\lib\</path>
         <kind>archive</kind>
         <file>rts430_eabi.lib</file>
         <name>int08.asm.obj</name>
      </input_file>
      <input_file id="fl-24">
         <path>C:\ti\ccs930\ccs\tools\compiler\ti-cgt-msp430_18.12.4.LTS\lib\</path>
         <kind>archive</kind>
         <file>rts430_eabi.lib</file>
         <name>int10.asm.obj</name>
      </input_file>
      <input_file id="fl-25">
         <path>C:\ti\ccs930\ccs\tools\compiler\ti-cgt-msp430_18.12.4.LTS\lib\</path>
         <kind>archive</kind>
         <file>rts430_eabi.lib</file>
         <name>int11.asm.obj</name>
      </input_file>
      <input_file id="fl-26">
         <path>C:\ti\ccs930\ccs\tools\compiler\ti-cgt-msp430_18.12.4.LTS\lib\</path>
         <kind>archive</kind>
         <file>rts430_eabi.lib</file>
         <name>int14.asm.obj</name>
      </input_file>
      <input_file id="fl-27">
         <path>C:\ti\ccs930\ccs\tools\compiler\ti-cgt-msp430_18.12.4.LTS\lib\</path>
         <kind>archive</kind>
         <file>rts430_eabi.lib</file>
         <name>isr_trap.asm.obj</name>
      </input_file>
      <input_file id="fl-28">
         <path>C:\ti\ccs930\ccs\tools\compiler\ti-cgt-msp430_18.12.4.LTS\lib\</path>
         <kind>archive</kind>
         <file>rts430_eabi.lib</file>
         <name>lsl16.asm.obj</name>
      </input_file>
      <input_file id="fl-29">
         <path>C:\ti\ccs930\ccs\tools\compiler\ti-cgt-msp430_18.12.4.LTS\lib\</path>
         <kind>archive</kind>
         <file>rts430_eabi.lib</file>
         <name>boot.c.obj</name>
      </input_file>
      <input_file id="fl-2a">
         <path>C:\ti\ccs930\ccs\tools\compiler\ti-cgt-msp430_18.12.4.LTS\lib\</path>
         <kind>archive</kind>
         <file>rts430_eabi.lib</file>
         <name>autoinit.c.obj</name>
      </input_file>
      <input_file id="fl-2b">
         <path>C:\ti\ccs930\ccs\tools\compiler\ti-cgt-msp430_18.12.4.LTS\lib\</path>
         <kind>archive</kind>
         <file>rts430_eabi.lib</file>
         <name>copy_zero_init.c.obj</name>
      </input_file>
      <input_file id="fl-2c">
         <path>C:\ti\ccs930\ccs\tools\compiler\ti-cgt-msp430_18.12.4.LTS\lib\</path>
         <kind>archive</kind>
         <file>rts430_eabi.lib</file>
         <name>cpy_tbl.c.obj</name>
      </input_file>
      <input_file id="fl-2d">
         <path>C:\ti\ccs930\ccs\tools\compiler\ti-cgt-msp430_18.12.4.LTS\lib\</path>
         <kind>archive</kind>
         <file>rts430_eabi.lib</file>
         <name>mpu_init.c.obj</name>
      </input_file>
      <input_file id="fl-2e">
         <path>C:\ti\ccs930\ccs\tools\compiler\ti-cgt-msp430_18.12.4.LTS\lib\</path>
         <kind>archive</kind>
         <file>rts430_eabi.lib</file>
         <name>pre_init.c.obj</name>
      </input_file>
      <input_file id="fl-2f">
         <path>C:\ti\ccs930\ccs\tools\compiler\ti-cgt-msp430_18.12.4.LTS\lib\</path>
         <kind>archive</kind>
         <file>rts430_eabi.lib</file>
         <name>startup.c.obj</name>
      </input_file>
      <input_file id="fl-30">
         <path>C:\ti\ccs930\ccs\tools\compiler\ti-cgt-msp430_18.12.4.LTS\lib\</path>
         <kind>archive</kind>
         <file>rts430_eabi.lib</file>
         <name>copy_decompress_none.c.obj</name>
      </input_file>
      <input_file id="fl-31">
         <path>C:\ti\ccs930\ccs\tools\compiler\ti-cgt-msp430_18.12.4.LTS\lib\</path>
         <kind>archive</kind>
         <file>rts430_eabi.lib</file>
         <name>copy_decompress_lzss.c.obj</name>
      </input_file>
      <input_file id="fl-32">
         <path>C:\ti\ccs930\ccs\tools\compiler\ti-cgt-msp430_18.12.4.LTS\lib\</path>
         <kind>archive</kind>
         <file>rts430_eabi.lib</file>
         <name>exit.c.obj</name>
      </input_file>
      <input_file id="fl-33">
         <path>C:\ti\ccs930\ccs\tools\compiler\ti-cgt-msp430_18.12.4.LTS\lib\</path>
         <kind>archive</kind>
         <file>rts430_eabi.lib</file>
         <name>_lock.c.obj</name>
      </input_file>
      <input_file id="fl-34">
         <path>C:\ti\ccs930\ccs\tools\compiler\ti-cgt-msp430_18.12.4.LTS\lib\</path>
         <kind>archive</kind>
         <file>rts430_eabi.lib</file>
         <name>args_main.c.obj</name>
      </input_file>
      <input_file id="fl-35">
         <path>C:\ti\ccs930\ccs\tools\compiler\ti-cgt-msp430_18.12.4.LTS\lib\</path>
         <kind>archive</kind>
         <file>rts430_eabi.lib</file>
         <name>memcpy.c.obj</name>
      </input_file>
      <input_file id="fl-36">
         <path>C:\ti\ccs930\ccs\tools\compiler\ti-cgt-msp430_18.12.4.LTS\lib\</path>
         <kind>archive</kind>
         <file>rts430_eabi.lib</file>
         <name>lsr16.asm.obj</name>
      </input_file>
      <input_file id="fl-37">
         <path>C:\ti\ccs930\ccs\tools\compiler\ti-cgt-msp430_18.12.4.LTS\lib\</path>
         <kind>archive</kind>
         <file>rts430_eabi.lib</file>
         <name>mult16.asm.obj</name>
      </input_file>
      <input_file id="fl-38">
         <path>C:\ti\ccs930\ccs\tools\compiler\ti-cgt-msp430_18.12.4.LTS\lib\</path>
         <kind>archive</kind>
         <file>rts430_eabi.lib</file>
         <name>exit_gvars.c.obj</name>
      </input_file>
   </input_file_list>
   <object_component_list>
      <object_component id="oc-82">
         <name>.stack</name>
         <uninitialized>true</uninitialized>
         <run_address>0x2b0</run_address>
         <size>0x2</size>
         <input_file_ref idref="fl-29"/>
      </object_component>
      <object_component id="oc-274">
         <name>.stack</name>
         <uninitialized>true</uninitialized>
         <run_address>0x2b0</run_address>
         <size>0x0</size>
      </object_component>
      <object_component id="oc-145">
         <name>.text:LCD4bits_Init</name>
         <load_address>0xe000</load_address>
         <run_address>0xe000</run_address>
         <size>0x6a</size>
         <input_file_ref idref="fl-2"/>
      </object_component>
      <object_component id="oc-11d">
         <name>.text:main</name>
         <load_address>0xe06a</load_address>
         <run_address>0xe06a</run_address>
         <size>0x56</size>
         <input_file_ref idref="fl-4"/>
      </object_component>
      <object_component id="oc-1ac">
         <name>.text:LCD4bits_Cmd</name>
         <load_address>0xe0c0</load_address>
         <run_address>0xe0c0</run_address>
         <size>0x3c</size>
         <input_file_ref idref="fl-2"/>
      </object_component>
      <object_component id="oc-1f0">
         <name>.text:LCD4bits_Write_data_control</name>
         <load_address>0xe0fc</load_address>
         <run_address>0xe0fc</run_address>
         <size>0x38</size>
         <input_file_ref idref="fl-2"/>
      </object_component>
      <object_component id="oc-152">
         <name>.text:LCD4bits_Cursor_Position</name>
         <load_address>0xe134</load_address>
         <run_address>0xe134</run_address>
         <size>0x30</size>
         <input_file_ref idref="fl-2"/>
      </object_component>
      <object_component id="oc-1b3">
         <name>.text:LCD4bits_Data</name>
         <load_address>0xe164</load_address>
         <run_address>0xe164</run_address>
         <size>0x2e</size>
         <input_file_ref idref="fl-2"/>
      </object_component>
      <object_component id="oc-86">
         <name>.text</name>
         <load_address>0xe192</load_address>
         <run_address>0xe192</run_address>
         <size>0x2c</size>
         <input_file_ref idref="fl-28"/>
      </object_component>
      <object_component id="oc-158">
         <name>.text:Timer_Delay</name>
         <load_address>0xe1be</load_address>
         <run_address>0xe1be</run_address>
         <size>0x1c</size>
         <input_file_ref idref="fl-3"/>
      </object_component>
      <object_component id="oc-14c">
         <name>.text:LCD4bits_SendString</name>
         <load_address>0xe1da</load_address>
         <run_address>0xe1da</run_address>
         <size>0x18</size>
         <input_file_ref idref="fl-2"/>
      </object_component>
      <object_component id="oc-c4">
         <name>.text:_c_int00_noinit_noargs</name>
         <load_address>0xe1f2</load_address>
         <run_address>0xe1f2</run_address>
         <size>0x14</size>
         <input_file_ref idref="fl-29"/>
      </object_component>
      <object_component id="oc-90">
         <name>.text</name>
         <load_address>0xe206</load_address>
         <run_address>0xe206</run_address>
         <size>0x10</size>
         <input_file_ref idref="fl-1f"/>
      </object_component>
      <object_component id="oc-165">
         <name>.text:LCD4bits_Cursor_Off</name>
         <load_address>0xe216</load_address>
         <run_address>0xe216</run_address>
         <size>0xa</size>
         <input_file_ref idref="fl-2"/>
      </object_component>
      <object_component id="oc-15e">
         <name>.text:LCD4bits_Clear</name>
         <load_address>0xe220</load_address>
         <run_address>0xe220</run_address>
         <size>0x8</size>
         <input_file_ref idref="fl-2"/>
      </object_component>
      <object_component id="oc-b2">
         <name>.text:Timer_A</name>
         <load_address>0xe228</load_address>
         <run_address>0xe228</run_address>
         <size>0x8</size>
         <input_file_ref idref="fl-3"/>
      </object_component>
      <object_component id="oc-ad">
         <name>.text:_isr:__TI_ISR_TRAP</name>
         <load_address>0xe230</load_address>
         <run_address>0xe230</run_address>
         <size>0x8</size>
         <input_file_ref idref="fl-27"/>
      </object_component>
      <object_component id="oc-16d">
         <name>.text:abort</name>
         <load_address>0xe238</load_address>
         <run_address>0xe238</run_address>
         <size>0x6</size>
         <input_file_ref idref="fl-32"/>
      </object_component>
      <object_component id="oc-117">
         <name>.text:_system_pre_init</name>
         <load_address>0xe23e</load_address>
         <run_address>0xe23e</run_address>
         <size>0x4</size>
         <input_file_ref idref="fl-2e"/>
      </object_component>
      <object_component id="oc-14b">
         <name>.const:.string</name>
         <load_address>0xe242</load_address>
         <run_address>0xe242</run_address>
         <size>0x1c</size>
         <input_file_ref idref="fl-4"/>
      </object_component>
      <object_component id="oc-236">
         <name>.binit</name>
         <load_address>0xe000</load_address>
         <run_address>0xe000</run_address>
         <size>0x0</size>
      </object_component>
      <object_component id="oc-3a">
         <name>.int02</name>
         <load_address>0xffe4</load_address>
         <run_address>0xffe4</run_address>
         <size>0x2</size>
         <input_file_ref idref="fl-20"/>
      </object_component>
      <object_component id="oc-3b">
         <name>.int03</name>
         <load_address>0xffe6</load_address>
         <run_address>0xffe6</run_address>
         <size>0x2</size>
         <input_file_ref idref="fl-21"/>
      </object_component>
      <object_component id="oc-3c">
         <name>.int04</name>
         <load_address>0xffe8</load_address>
         <run_address>0xffe8</run_address>
         <size>0x2</size>
         <input_file_ref idref="fl-22"/>
      </object_component>
      <object_component id="oc-3d">
         <name>.int08</name>
         <load_address>0xfff0</load_address>
         <run_address>0xfff0</run_address>
         <size>0x2</size>
         <input_file_ref idref="fl-23"/>
      </object_component>
      <object_component id="oc-3e">
         <name>.int09</name>
         <load_address>0xfff2</load_address>
         <run_address>0xfff2</run_address>
         <size>0x2</size>
         <input_file_ref idref="fl-3"/>
      </object_component>
      <object_component id="oc-3f">
         <name>.int10</name>
         <load_address>0xfff4</load_address>
         <run_address>0xfff4</run_address>
         <size>0x2</size>
         <input_file_ref idref="fl-24"/>
      </object_component>
      <object_component id="oc-40">
         <name>.int11</name>
         <load_address>0xfff6</load_address>
         <run_address>0xfff6</run_address>
         <size>0x2</size>
         <input_file_ref idref="fl-25"/>
      </object_component>
      <object_component id="oc-41">
         <name>.int14</name>
         <load_address>0xfffc</load_address>
         <run_address>0xfffc</run_address>
         <size>0x2</size>
         <input_file_ref idref="fl-26"/>
      </object_component>
      <object_component id="oc-85">
         <name>.reset</name>
         <load_address>0xfffe</load_address>
         <run_address>0xfffe</run_address>
         <size>0x2</size>
         <input_file_ref idref="fl-29"/>
      </object_component>
      <object_component id="oc-1ba">
         <name>.debug_info</name>
         <load_address>0x0</load_address>
         <run_address>0x0</run_address>
         <size>0x1c2</size>
         <input_file_ref idref="fl-2"/>
      </object_component>
      <object_component id="oc-1f2">
         <name>.debug_info</name>
         <load_address>0x1c2</load_address>
         <run_address>0x1c2</run_address>
         <size>0x1b4</size>
         <input_file_ref idref="fl-2"/>
      </object_component>
      <object_component id="oc-1b4">
         <name>.debug_info</name>
         <load_address>0x376</load_address>
         <run_address>0x376</run_address>
         <size>0x18e</size>
         <input_file_ref idref="fl-2"/>
      </object_component>
      <object_component id="oc-14d">
         <name>.debug_info</name>
         <load_address>0x504</load_address>
         <run_address>0x504</run_address>
         <size>0x154</size>
         <input_file_ref idref="fl-2"/>
      </object_component>
      <object_component id="oc-1ad">
         <name>.debug_info</name>
         <load_address>0x658</load_address>
         <run_address>0x658</run_address>
         <size>0x1aa</size>
         <input_file_ref idref="fl-2"/>
      </object_component>
      <object_component id="oc-146">
         <name>.debug_info</name>
         <load_address>0x802</load_address>
         <run_address>0x802</run_address>
         <size>0x1f5</size>
         <input_file_ref idref="fl-2"/>
      </object_component>
      <object_component id="oc-153">
         <name>.debug_info</name>
         <load_address>0x9f7</load_address>
         <run_address>0x9f7</run_address>
         <size>0x1a9</size>
         <input_file_ref idref="fl-2"/>
      </object_component>
      <object_component id="oc-167">
         <name>.debug_info</name>
         <load_address>0xba0</load_address>
         <run_address>0xba0</run_address>
         <size>0x131</size>
         <input_file_ref idref="fl-2"/>
      </object_component>
      <object_component id="oc-160">
         <name>.debug_info</name>
         <load_address>0xcd1</load_address>
         <run_address>0xcd1</run_address>
         <size>0x127</size>
         <input_file_ref idref="fl-2"/>
      </object_component>
      <object_component id="oc-9b">
         <name>.debug_info</name>
         <load_address>0xdf8</load_address>
         <run_address>0xdf8</run_address>
         <size>0x84</size>
         <input_file_ref idref="fl-2"/>
      </object_component>
      <object_component id="oc-15a">
         <name>.debug_info</name>
         <load_address>0xe7c</load_address>
         <run_address>0xe7c</run_address>
         <size>0x13b</size>
         <input_file_ref idref="fl-3"/>
      </object_component>
      <object_component id="oc-b3">
         <name>.debug_info</name>
         <load_address>0xfb7</load_address>
         <run_address>0xfb7</run_address>
         <size>0x10d</size>
         <input_file_ref idref="fl-3"/>
      </object_component>
      <object_component id="oc-121">
         <name>.debug_info</name>
         <load_address>0x10c4</load_address>
         <run_address>0x10c4</run_address>
         <size>0x214</size>
         <input_file_ref idref="fl-4"/>
      </object_component>
      <object_component id="oc-93">
         <name>.debug_info</name>
         <load_address>0x12d8</load_address>
         <run_address>0x12d8</run_address>
         <size>0x12d</size>
         <input_file_ref idref="fl-1f"/>
      </object_component>
      <object_component id="oc-b0">
         <name>.debug_info</name>
         <load_address>0x1405</load_address>
         <run_address>0x1405</run_address>
         <size>0x10e</size>
         <input_file_ref idref="fl-27"/>
      </object_component>
      <object_component id="oc-88">
         <name>.debug_info</name>
         <load_address>0x1513</load_address>
         <run_address>0x1513</run_address>
         <size>0x11f</size>
         <input_file_ref idref="fl-28"/>
      </object_component>
      <object_component id="oc-83">
         <name>.debug_info</name>
         <load_address>0x1632</load_address>
         <run_address>0x1632</run_address>
         <size>0xff</size>
         <input_file_ref idref="fl-29"/>
      </object_component>
      <object_component id="oc-c5">
         <name>.debug_info</name>
         <load_address>0x1731</load_address>
         <run_address>0x1731</run_address>
         <size>0x176</size>
         <input_file_ref idref="fl-29"/>
      </object_component>
      <object_component id="oc-119">
         <name>.debug_info</name>
         <load_address>0x18a7</load_address>
         <run_address>0x18a7</run_address>
         <size>0x152</size>
         <input_file_ref idref="fl-2e"/>
      </object_component>
      <object_component id="oc-170">
         <name>.debug_info</name>
         <load_address>0x19f9</load_address>
         <run_address>0x19f9</run_address>
         <size>0x121</size>
         <input_file_ref idref="fl-32"/>
      </object_component>
      <object_component id="oc-275">
         <name>.debug_info</name>
         <load_address>0x1b1a</load_address>
         <run_address>0x1b1a</run_address>
         <size>0xb0</size>
      </object_component>
      <object_component id="oc-1f9">
         <name>.debug_line</name>
         <load_address>0x0</load_address>
         <run_address>0x0</run_address>
         <size>0x68</size>
         <input_file_ref idref="fl-2"/>
      </object_component>
      <object_component id="oc-1f5">
         <name>.debug_line</name>
         <load_address>0x68</load_address>
         <run_address>0x68</run_address>
         <size>0x48</size>
         <input_file_ref idref="fl-2"/>
      </object_component>
      <object_component id="oc-1b7">
         <name>.debug_line</name>
         <load_address>0xb0</load_address>
         <run_address>0xb0</run_address>
         <size>0x44</size>
         <input_file_ref idref="fl-2"/>
      </object_component>
      <object_component id="oc-150">
         <name>.debug_line</name>
         <load_address>0xf4</load_address>
         <run_address>0xf4</run_address>
         <size>0x49</size>
         <input_file_ref idref="fl-2"/>
      </object_component>
      <object_component id="oc-1b0">
         <name>.debug_line</name>
         <load_address>0x13d</load_address>
         <run_address>0x13d</run_address>
         <size>0x49</size>
         <input_file_ref idref="fl-2"/>
      </object_component>
      <object_component id="oc-149">
         <name>.debug_line</name>
         <load_address>0x186</load_address>
         <run_address>0x186</run_address>
         <size>0x4e</size>
         <input_file_ref idref="fl-2"/>
      </object_component>
      <object_component id="oc-156">
         <name>.debug_line</name>
         <load_address>0x1d4</load_address>
         <run_address>0x1d4</run_address>
         <size>0x4d</size>
         <input_file_ref idref="fl-2"/>
      </object_component>
      <object_component id="oc-166">
         <name>.debug_line</name>
         <load_address>0x221</load_address>
         <run_address>0x221</run_address>
         <size>0x42</size>
         <input_file_ref idref="fl-2"/>
      </object_component>
      <object_component id="oc-15f">
         <name>.debug_line</name>
         <load_address>0x263</load_address>
         <run_address>0x263</run_address>
         <size>0x42</size>
         <input_file_ref idref="fl-2"/>
      </object_component>
      <object_component id="oc-9e">
         <name>.debug_line</name>
         <load_address>0x2a5</load_address>
         <run_address>0x2a5</run_address>
         <size>0x20</size>
         <input_file_ref idref="fl-2"/>
      </object_component>
      <object_component id="oc-15d">
         <name>.debug_line</name>
         <load_address>0x2c5</load_address>
         <run_address>0x2c5</run_address>
         <size>0x45</size>
         <input_file_ref idref="fl-3"/>
      </object_component>
      <object_component id="oc-b7">
         <name>.debug_line</name>
         <load_address>0x30a</load_address>
         <run_address>0x30a</run_address>
         <size>0x41</size>
         <input_file_ref idref="fl-3"/>
      </object_component>
      <object_component id="oc-11f">
         <name>.debug_line</name>
         <load_address>0x34b</load_address>
         <run_address>0x34b</run_address>
         <size>0x4d</size>
         <input_file_ref idref="fl-4"/>
      </object_component>
      <object_component id="oc-91">
         <name>.debug_line</name>
         <load_address>0x398</load_address>
         <run_address>0x398</run_address>
         <size>0x40</size>
         <input_file_ref idref="fl-1f"/>
      </object_component>
      <object_component id="oc-af">
         <name>.debug_line</name>
         <load_address>0x3d8</load_address>
         <run_address>0x3d8</run_address>
         <size>0x3d</size>
         <input_file_ref idref="fl-27"/>
      </object_component>
      <object_component id="oc-87">
         <name>.debug_line</name>
         <load_address>0x415</load_address>
         <run_address>0x415</run_address>
         <size>0x4e</size>
         <input_file_ref idref="fl-28"/>
      </object_component>
      <object_component id="oc-f5">
         <name>.debug_line</name>
         <load_address>0x463</load_address>
         <run_address>0x463</run_address>
         <size>0x2a</size>
         <input_file_ref idref="fl-29"/>
      </object_component>
      <object_component id="oc-c8">
         <name>.debug_line</name>
         <load_address>0x48d</load_address>
         <run_address>0x48d</run_address>
         <size>0x43</size>
         <input_file_ref idref="fl-29"/>
      </object_component>
      <object_component id="oc-11c">
         <name>.debug_line</name>
         <load_address>0x4d0</load_address>
         <run_address>0x4d0</run_address>
         <size>0x3e</size>
         <input_file_ref idref="fl-2e"/>
      </object_component>
      <object_component id="oc-172">
         <name>.debug_line</name>
         <load_address>0x50e</load_address>
         <run_address>0x50e</run_address>
         <size>0x3d</size>
         <input_file_ref idref="fl-32"/>
      </object_component>
      <object_component id="oc-1f1">
         <name>.debug_frame</name>
         <load_address>0x0</load_address>
         <run_address>0x0</run_address>
         <size>0x44</size>
         <input_file_ref idref="fl-2"/>
      </object_component>
      <object_component id="oc-1b8">
         <name>.debug_frame</name>
         <load_address>0x44</load_address>
         <run_address>0x44</run_address>
         <size>0x44</size>
         <input_file_ref idref="fl-2"/>
      </object_component>
      <object_component id="oc-151">
         <name>.debug_frame</name>
         <load_address>0x88</load_address>
         <run_address>0x88</run_address>
         <size>0x44</size>
         <input_file_ref idref="fl-2"/>
      </object_component>
      <object_component id="oc-1b1">
         <name>.debug_frame</name>
         <load_address>0xcc</load_address>
         <run_address>0xcc</run_address>
         <size>0x44</size>
         <input_file_ref idref="fl-2"/>
      </object_component>
      <object_component id="oc-14a">
         <name>.debug_frame</name>
         <load_address>0x110</load_address>
         <run_address>0x110</run_address>
         <size>0x3c</size>
         <input_file_ref idref="fl-2"/>
      </object_component>
      <object_component id="oc-157">
         <name>.debug_frame</name>
         <load_address>0x14c</load_address>
         <run_address>0x14c</run_address>
         <size>0x44</size>
         <input_file_ref idref="fl-2"/>
      </object_component>
      <object_component id="oc-16a">
         <name>.debug_frame</name>
         <load_address>0x190</load_address>
         <run_address>0x190</run_address>
         <size>0x3c</size>
         <input_file_ref idref="fl-2"/>
      </object_component>
      <object_component id="oc-163">
         <name>.debug_frame</name>
         <load_address>0x1cc</load_address>
         <run_address>0x1cc</run_address>
         <size>0x3c</size>
         <input_file_ref idref="fl-2"/>
      </object_component>
      <object_component id="oc-15c">
         <name>.debug_frame</name>
         <load_address>0x208</load_address>
         <run_address>0x208</run_address>
         <size>0x3c</size>
         <input_file_ref idref="fl-3"/>
      </object_component>
      <object_component id="oc-b6">
         <name>.debug_frame</name>
         <load_address>0x244</load_address>
         <run_address>0x244</run_address>
         <size>0x3c</size>
         <input_file_ref idref="fl-3"/>
      </object_component>
      <object_component id="oc-11e">
         <name>.debug_frame</name>
         <load_address>0x280</load_address>
         <run_address>0x280</run_address>
         <size>0x3c</size>
         <input_file_ref idref="fl-4"/>
      </object_component>
      <object_component id="oc-c9">
         <name>.debug_frame</name>
         <load_address>0x2bc</load_address>
         <run_address>0x2bc</run_address>
         <size>0x34</size>
         <input_file_ref idref="fl-29"/>
      </object_component>
      <object_component id="oc-118">
         <name>.debug_frame</name>
         <load_address>0x2f0</load_address>
         <run_address>0x2f0</run_address>
         <size>0x3c</size>
         <input_file_ref idref="fl-2e"/>
      </object_component>
      <object_component id="oc-16f">
         <name>.debug_frame</name>
         <load_address>0x32c</load_address>
         <run_address>0x32c</run_address>
         <size>0x3c</size>
         <input_file_ref idref="fl-32"/>
      </object_component>
      <object_component id="oc-1f8">
         <name>.debug_abbrev</name>
         <load_address>0x0</load_address>
         <run_address>0x0</run_address>
         <size>0x61</size>
         <input_file_ref idref="fl-2"/>
      </object_component>
      <object_component id="oc-227">
         <name>.debug_abbrev</name>
         <load_address>0x61</load_address>
         <run_address>0x61</run_address>
         <size>0x7a</size>
         <input_file_ref idref="fl-2"/>
      </object_component>
      <object_component id="oc-1f7">
         <name>.debug_abbrev</name>
         <load_address>0xdb</load_address>
         <run_address>0xdb</run_address>
         <size>0x7a</size>
         <input_file_ref idref="fl-2"/>
      </object_component>
      <object_component id="oc-1b9">
         <name>.debug_abbrev</name>
         <load_address>0x155</load_address>
         <run_address>0x155</run_address>
         <size>0x7a</size>
         <input_file_ref idref="fl-2"/>
      </object_component>
      <object_component id="oc-1f6">
         <name>.debug_abbrev</name>
         <load_address>0x1cf</load_address>
         <run_address>0x1cf</run_address>
         <size>0x7a</size>
         <input_file_ref idref="fl-2"/>
      </object_component>
      <object_component id="oc-1b2">
         <name>.debug_abbrev</name>
         <load_address>0x249</load_address>
         <run_address>0x249</run_address>
         <size>0x5e</size>
         <input_file_ref idref="fl-2"/>
      </object_component>
      <object_component id="oc-1bb">
         <name>.debug_abbrev</name>
         <load_address>0x2a7</load_address>
         <run_address>0x2a7</run_address>
         <size>0x7a</size>
         <input_file_ref idref="fl-2"/>
      </object_component>
      <object_component id="oc-169">
         <name>.debug_abbrev</name>
         <load_address>0x321</load_address>
         <run_address>0x321</run_address>
         <size>0x5e</size>
         <input_file_ref idref="fl-2"/>
      </object_component>
      <object_component id="oc-162">
         <name>.debug_abbrev</name>
         <load_address>0x37f</load_address>
         <run_address>0x37f</run_address>
         <size>0x5e</size>
         <input_file_ref idref="fl-2"/>
      </object_component>
      <object_component id="oc-9d">
         <name>.debug_abbrev</name>
         <load_address>0x3dd</load_address>
         <run_address>0x3dd</run_address>
         <size>0x1f</size>
         <input_file_ref idref="fl-2"/>
      </object_component>
      <object_component id="oc-1bc">
         <name>.debug_abbrev</name>
         <load_address>0x3fc</load_address>
         <run_address>0x3fc</run_address>
         <size>0x5e</size>
         <input_file_ref idref="fl-3"/>
      </object_component>
      <object_component id="oc-10e">
         <name>.debug_abbrev</name>
         <load_address>0x45a</load_address>
         <run_address>0x45a</run_address>
         <size>0x53</size>
         <input_file_ref idref="fl-3"/>
      </object_component>
      <object_component id="oc-16c">
         <name>.debug_abbrev</name>
         <load_address>0x4ad</load_address>
         <run_address>0x4ad</run_address>
         <size>0x60</size>
         <input_file_ref idref="fl-4"/>
      </object_component>
      <object_component id="oc-f8">
         <name>.debug_abbrev</name>
         <load_address>0x50d</load_address>
         <run_address>0x50d</run_address>
         <size>0x3a</size>
         <input_file_ref idref="fl-1f"/>
      </object_component>
      <object_component id="oc-10d">
         <name>.debug_abbrev</name>
         <load_address>0x547</load_address>
         <run_address>0x547</run_address>
         <size>0x28</size>
         <input_file_ref idref="fl-27"/>
      </object_component>
      <object_component id="oc-f6">
         <name>.debug_abbrev</name>
         <load_address>0x56f</load_address>
         <run_address>0x56f</run_address>
         <size>0x3c</size>
         <input_file_ref idref="fl-28"/>
      </object_component>
      <object_component id="oc-f4">
         <name>.debug_abbrev</name>
         <load_address>0x5ab</load_address>
         <run_address>0x5ab</run_address>
         <size>0x29</size>
         <input_file_ref idref="fl-29"/>
      </object_component>
      <object_component id="oc-124">
         <name>.debug_abbrev</name>
         <load_address>0x5d4</load_address>
         <run_address>0x5d4</run_address>
         <size>0x58</size>
         <input_file_ref idref="fl-29"/>
      </object_component>
      <object_component id="oc-144">
         <name>.debug_abbrev</name>
         <load_address>0x62c</load_address>
         <run_address>0x62c</run_address>
         <size>0x55</size>
         <input_file_ref idref="fl-2e"/>
      </object_component>
      <object_component id="oc-1bd">
         <name>.debug_abbrev</name>
         <load_address>0x681</load_address>
         <run_address>0x681</run_address>
         <size>0x45</size>
         <input_file_ref idref="fl-32"/>
      </object_component>
      <object_component id="oc-276">
         <name>.debug_abbrev</name>
         <load_address>0x6c6</load_address>
         <run_address>0x6c6</run_address>
         <size>0xf</size>
      </object_component>
      <object_component id="oc-9f">
         <name>.debug_str</name>
         <load_address>0x0</load_address>
         <run_address>0x0</run_address>
         <size>0xfe</size>
         <input_file_ref idref="fl-2"/>
      </object_component>
      <object_component id="oc-1f3">
         <name>.debug_aranges</name>
         <load_address>0x0</load_address>
         <run_address>0x0</run_address>
         <size>0x20</size>
         <input_file_ref idref="fl-2"/>
      </object_component>
      <object_component id="oc-1b5">
         <name>.debug_aranges</name>
         <load_address>0x20</load_address>
         <run_address>0x20</run_address>
         <size>0x20</size>
         <input_file_ref idref="fl-2"/>
      </object_component>
      <object_component id="oc-14f">
         <name>.debug_aranges</name>
         <load_address>0x40</load_address>
         <run_address>0x40</run_address>
         <size>0x20</size>
         <input_file_ref idref="fl-2"/>
      </object_component>
      <object_component id="oc-1af">
         <name>.debug_aranges</name>
         <load_address>0x60</load_address>
         <run_address>0x60</run_address>
         <size>0x20</size>
         <input_file_ref idref="fl-2"/>
      </object_component>
      <object_component id="oc-148">
         <name>.debug_aranges</name>
         <load_address>0x80</load_address>
         <run_address>0x80</run_address>
         <size>0x20</size>
         <input_file_ref idref="fl-2"/>
      </object_component>
      <object_component id="oc-154">
         <name>.debug_aranges</name>
         <load_address>0xa0</load_address>
         <run_address>0xa0</run_address>
         <size>0x20</size>
         <input_file_ref idref="fl-2"/>
      </object_component>
      <object_component id="oc-16b">
         <name>.debug_aranges</name>
         <load_address>0xc0</load_address>
         <run_address>0xc0</run_address>
         <size>0x20</size>
         <input_file_ref idref="fl-2"/>
      </object_component>
      <object_component id="oc-161">
         <name>.debug_aranges</name>
         <load_address>0xe0</load_address>
         <run_address>0xe0</run_address>
         <size>0x20</size>
         <input_file_ref idref="fl-2"/>
      </object_component>
      <object_component id="oc-159">
         <name>.debug_aranges</name>
         <load_address>0x100</load_address>
         <run_address>0x100</run_address>
         <size>0x20</size>
         <input_file_ref idref="fl-3"/>
      </object_component>
      <object_component id="oc-b5">
         <name>.debug_aranges</name>
         <load_address>0x120</load_address>
         <run_address>0x120</run_address>
         <size>0x20</size>
         <input_file_ref idref="fl-3"/>
      </object_component>
      <object_component id="oc-120">
         <name>.debug_aranges</name>
         <load_address>0x140</load_address>
         <run_address>0x140</run_address>
         <size>0x20</size>
         <input_file_ref idref="fl-4"/>
      </object_component>
      <object_component id="oc-92">
         <name>.debug_aranges</name>
         <load_address>0x160</load_address>
         <run_address>0x160</run_address>
         <size>0x20</size>
         <input_file_ref idref="fl-1f"/>
      </object_component>
      <object_component id="oc-ae">
         <name>.debug_aranges</name>
         <load_address>0x180</load_address>
         <run_address>0x180</run_address>
         <size>0x20</size>
         <input_file_ref idref="fl-27"/>
      </object_component>
      <object_component id="oc-8a">
         <name>.debug_aranges</name>
         <load_address>0x1a0</load_address>
         <run_address>0x1a0</run_address>
         <size>0x20</size>
         <input_file_ref idref="fl-28"/>
      </object_component>
      <object_component id="oc-c7">
         <name>.debug_aranges</name>
         <load_address>0x1c0</load_address>
         <run_address>0x1c0</run_address>
         <size>0x20</size>
         <input_file_ref idref="fl-29"/>
      </object_component>
      <object_component id="oc-11a">
         <name>.debug_aranges</name>
         <load_address>0x1e0</load_address>
         <run_address>0x1e0</run_address>
         <size>0x20</size>
         <input_file_ref idref="fl-2e"/>
      </object_component>
      <object_component id="oc-16e">
         <name>.debug_aranges</name>
         <load_address>0x200</load_address>
         <run_address>0x200</run_address>
         <size>0x20</size>
         <input_file_ref idref="fl-32"/>
      </object_component>
      <object_component id="oc-1f4">
         <name>.debug_pubnames</name>
         <load_address>0x0</load_address>
         <run_address>0x0</run_address>
         <size>0x32</size>
         <input_file_ref idref="fl-2"/>
      </object_component>
      <object_component id="oc-1b6">
         <name>.debug_pubnames</name>
         <load_address>0x32</load_address>
         <run_address>0x32</run_address>
         <size>0x24</size>
         <input_file_ref idref="fl-2"/>
      </object_component>
      <object_component id="oc-14e">
         <name>.debug_pubnames</name>
         <load_address>0x56</load_address>
         <run_address>0x56</run_address>
         <size>0x2a</size>
         <input_file_ref idref="fl-2"/>
      </object_component>
      <object_component id="oc-1ae">
         <name>.debug_pubnames</name>
         <load_address>0x80</load_address>
         <run_address>0x80</run_address>
         <size>0x23</size>
         <input_file_ref idref="fl-2"/>
      </object_component>
      <object_component id="oc-147">
         <name>.debug_pubnames</name>
         <load_address>0xa3</load_address>
         <run_address>0xa3</run_address>
         <size>0x24</size>
         <input_file_ref idref="fl-2"/>
      </object_component>
      <object_component id="oc-155">
         <name>.debug_pubnames</name>
         <load_address>0xc7</load_address>
         <run_address>0xc7</run_address>
         <size>0x2f</size>
         <input_file_ref idref="fl-2"/>
      </object_component>
      <object_component id="oc-168">
         <name>.debug_pubnames</name>
         <load_address>0xf6</load_address>
         <run_address>0xf6</run_address>
         <size>0x2a</size>
         <input_file_ref idref="fl-2"/>
      </object_component>
      <object_component id="oc-164">
         <name>.debug_pubnames</name>
         <load_address>0x120</load_address>
         <run_address>0x120</run_address>
         <size>0x25</size>
         <input_file_ref idref="fl-2"/>
      </object_component>
      <object_component id="oc-15b">
         <name>.debug_pubnames</name>
         <load_address>0x145</load_address>
         <run_address>0x145</run_address>
         <size>0x22</size>
         <input_file_ref idref="fl-3"/>
      </object_component>
      <object_component id="oc-b4">
         <name>.debug_pubnames</name>
         <load_address>0x167</load_address>
         <run_address>0x167</run_address>
         <size>0x1e</size>
         <input_file_ref idref="fl-3"/>
      </object_component>
      <object_component id="oc-122">
         <name>.debug_pubnames</name>
         <load_address>0x185</load_address>
         <run_address>0x185</run_address>
         <size>0x1b</size>
         <input_file_ref idref="fl-4"/>
      </object_component>
      <object_component id="oc-94">
         <name>.debug_pubnames</name>
         <load_address>0x1a0</load_address>
         <run_address>0x1a0</run_address>
         <size>0x2b</size>
         <input_file_ref idref="fl-1f"/>
      </object_component>
      <object_component id="oc-b1">
         <name>.debug_pubnames</name>
         <load_address>0x1cb</load_address>
         <run_address>0x1cb</run_address>
         <size>0x2b</size>
         <input_file_ref idref="fl-27"/>
      </object_component>
      <object_component id="oc-89">
         <name>.debug_pubnames</name>
         <load_address>0x1f6</load_address>
         <run_address>0x1f6</run_address>
         <size>0x24</size>
         <input_file_ref idref="fl-28"/>
      </object_component>
      <object_component id="oc-84">
         <name>.debug_pubnames</name>
         <load_address>0x21a</load_address>
         <run_address>0x21a</run_address>
         <size>0x1d</size>
         <input_file_ref idref="fl-29"/>
      </object_component>
      <object_component id="oc-c6">
         <name>.debug_pubnames</name>
         <load_address>0x237</load_address>
         <run_address>0x237</run_address>
         <size>0x2d</size>
         <input_file_ref idref="fl-29"/>
      </object_component>
      <object_component id="oc-11b">
         <name>.debug_pubnames</name>
         <load_address>0x264</load_address>
         <run_address>0x264</run_address>
         <size>0x27</size>
         <input_file_ref idref="fl-2e"/>
      </object_component>
      <object_component id="oc-171">
         <name>.debug_pubnames</name>
         <load_address>0x28b</load_address>
         <run_address>0x28b</run_address>
         <size>0x1c</size>
         <input_file_ref idref="fl-32"/>
      </object_component>
      <object_component id="oc-9c">
         <name>.debug_pubtypes</name>
         <load_address>0x0</load_address>
         <run_address>0x0</run_address>
         <size>0xed</size>
         <input_file_ref idref="fl-2"/>
      </object_component>
   </object_component_list>
   <logical_group_list>
      <logical_group id="lg-2" display="no" color="cyan">
         <name>.bss</name>
         <run_address>0x0</run_address>
         <size>0x0</size>
         <contents>
         </contents>
      </logical_group>
      <logical_group id="lg-3" display="no" color="cyan">
         <name>.data</name>
         <run_address>0x0</run_address>
         <size>0x0</size>
         <contents>
         </contents>
      </logical_group>
      <logical_group id="lg-4" display="no" color="cyan">
         <name>.TI.noinit</name>
         <run_address>0x0</run_address>
         <size>0x0</size>
         <contents>
         </contents>
      </logical_group>
      <logical_group id="lg-5" display="no" color="cyan">
         <name>.sysmem</name>
         <run_address>0x0</run_address>
         <size>0x0</size>
         <contents>
         </contents>
      </logical_group>
      <logical_group id="lg-6" display="no" color="cyan">
         <name>.stack</name>
         <run_address>0x2b0</run_address>
         <size>0x50</size>
         <contents>
            <object_component_ref idref="oc-82"/>
            <object_component_ref idref="oc-274"/>
         </contents>
      </logical_group>
      <logical_group id="lg-7" display="no" color="cyan">
         <name>.text</name>
         <load_address>0xe000</load_address>
         <run_address>0xe000</run_address>
         <size>0x242</size>
         <contents>
            <object_component_ref idref="oc-145"/>
            <object_component_ref idref="oc-11d"/>
            <object_component_ref idref="oc-1ac"/>
            <object_component_ref idref="oc-1f0"/>
            <object_component_ref idref="oc-152"/>
            <object_component_ref idref="oc-1b3"/>
            <object_component_ref idref="oc-86"/>
            <object_component_ref idref="oc-158"/>
            <object_component_ref idref="oc-14c"/>
            <object_component_ref idref="oc-c4"/>
            <object_component_ref idref="oc-90"/>
            <object_component_ref idref="oc-165"/>
            <object_component_ref idref="oc-15e"/>
            <object_component_ref idref="oc-b2"/>
            <object_component_ref idref="oc-ad"/>
            <object_component_ref idref="oc-16d"/>
            <object_component_ref idref="oc-117"/>
         </contents>
      </logical_group>
      <logical_group id="lg-8" display="no" color="cyan">
         <name>.cinit</name>
         <run_address>0x0</run_address>
         <size>0x0</size>
         <contents>
         </contents>
      </logical_group>
      <logical_group id="lg-9" display="no" color="cyan">
         <name>.const</name>
         <load_address>0xe242</load_address>
         <run_address>0xe242</run_address>
         <size>0x1c</size>
         <contents>
            <object_component_ref idref="oc-14b"/>
         </contents>
      </logical_group>
      <logical_group id="lg-a" display="no" color="cyan">
         <name>.cio</name>
         <run_address>0x0</run_address>
         <size>0x0</size>
         <contents>
         </contents>
      </logical_group>
      <logical_group id="lg-b" display="no" color="cyan">
         <name>.pinit</name>
         <run_address>0x0</run_address>
         <size>0x0</size>
         <contents>
         </contents>
      </logical_group>
      <logical_group id="lg-c" display="no" color="cyan">
         <name>.binit</name>
         <load_address>0xe000</load_address>
         <run_address>0xe000</run_address>
         <size>0x0</size>
         <contents>
            <object_component_ref idref="oc-236"/>
         </contents>
      </logical_group>
      <logical_group id="lg-d" display="no" color="cyan">
         <name>.init_array</name>
         <run_address>0x0</run_address>
         <size>0x0</size>
         <contents>
         </contents>
      </logical_group>
      <logical_group id="lg-e" display="no" color="cyan">
         <name>.mspabi.exidx</name>
         <run_address>0x0</run_address>
         <size>0x0</size>
         <contents>
         </contents>
      </logical_group>
      <logical_group id="lg-f" display="no" color="cyan">
         <name>.mspabi.extab</name>
         <run_address>0x0</run_address>
         <size>0x0</size>
         <contents>
         </contents>
      </logical_group>
      <logical_group id="lg-10" display="no" color="cyan">
         <name>.TI.ramfunc</name>
         <run_address>0x0</run_address>
         <size>0x0</size>
         <contents>
         </contents>
      </logical_group>
      <logical_group id="lg-11" display="no" color="cyan">
         <name>.infoA</name>
         <run_address>0x0</run_address>
         <size>0x0</size>
         <contents>
         </contents>
      </logical_group>
      <logical_group id="lg-12" display="no" color="cyan">
         <name>.infoB</name>
         <run_address>0x0</run_address>
         <size>0x0</size>
         <contents>
         </contents>
      </logical_group>
      <logical_group id="lg-13" display="no" color="cyan">
         <name>.infoC</name>
         <run_address>0x0</run_address>
         <size>0x0</size>
         <contents>
         </contents>
      </logical_group>
      <logical_group id="lg-14" display="no" color="cyan">
         <name>.infoD</name>
         <run_address>0x0</run_address>
         <size>0x0</size>
         <contents>
         </contents>
      </logical_group>
      <logical_group id="lg-15" display="no" color="cyan">
         <name>.int00</name>
         <run_address>0x0</run_address>
         <size>0x0</size>
         <contents>
         </contents>
      </logical_group>
      <logical_group id="lg-16" display="no" color="cyan">
         <name>.int01</name>
         <run_address>0x0</run_address>
         <size>0x0</size>
         <contents>
         </contents>
      </logical_group>
      <logical_group id="lg-17" display="no" color="cyan">
         <name>PORT1</name>
         <load_address>0xffe4</load_address>
         <run_address>0xffe4</run_address>
         <size>0x2</size>
         <contents>
            <object_component_ref idref="oc-3a"/>
         </contents>
      </logical_group>
      <logical_group id="lg-19" display="no" color="cyan">
         <name>PORT2</name>
         <load_address>0xffe6</load_address>
         <run_address>0xffe6</run_address>
         <size>0x2</size>
         <contents>
            <object_component_ref idref="oc-3b"/>
         </contents>
      </logical_group>
      <logical_group id="lg-1b" display="no" color="cyan">
         <name>USI</name>
         <load_address>0xffe8</load_address>
         <run_address>0xffe8</run_address>
         <size>0x2</size>
         <contents>
            <object_component_ref idref="oc-3c"/>
         </contents>
      </logical_group>
      <logical_group id="lg-1d" display="no" color="cyan">
         <name>.int05</name>
         <run_address>0x0</run_address>
         <size>0x0</size>
         <contents>
         </contents>
      </logical_group>
      <logical_group id="lg-1e" display="no" color="cyan">
         <name>.int06</name>
         <run_address>0x0</run_address>
         <size>0x0</size>
         <contents>
         </contents>
      </logical_group>
      <logical_group id="lg-1f" display="no" color="cyan">
         <name>.int07</name>
         <run_address>0x0</run_address>
         <size>0x0</size>
         <contents>
         </contents>
      </logical_group>
      <logical_group id="lg-20" display="no" color="cyan">
         <name>TIMER0_A1</name>
         <load_address>0xfff0</load_address>
         <run_address>0xfff0</run_address>
         <size>0x2</size>
         <contents>
            <object_component_ref idref="oc-3d"/>
         </contents>
      </logical_group>
      <logical_group id="lg-22" display="no" color="cyan">
         <name>TIMER0_A0</name>
         <load_address>0xfff2</load_address>
         <run_address>0xfff2</run_address>
         <size>0x2</size>
         <contents>
            <object_component_ref idref="oc-3e"/>
         </contents>
      </logical_group>
      <logical_group id="lg-24" display="no" color="cyan">
         <name>WDT</name>
         <load_address>0xfff4</load_address>
         <run_address>0xfff4</run_address>
         <size>0x2</size>
         <contents>
            <object_component_ref idref="oc-3f"/>
         </contents>
      </logical_group>
      <logical_group id="lg-26" display="no" color="cyan">
         <name>COMPARATORA</name>
         <load_address>0xfff6</load_address>
         <run_address>0xfff6</run_address>
         <size>0x2</size>
         <contents>
            <object_component_ref idref="oc-40"/>
         </contents>
      </logical_group>
      <logical_group id="lg-28" display="no" color="cyan">
         <name>.int12</name>
         <run_address>0x0</run_address>
         <size>0x0</size>
         <contents>
         </contents>
      </logical_group>
      <logical_group id="lg-29" display="no" color="cyan">
         <name>.int13</name>
         <run_address>0x0</run_address>
         <size>0x0</size>
         <contents>
         </contents>
      </logical_group>
      <logical_group id="lg-2a" display="no" color="cyan">
         <name>NMI</name>
         <load_address>0xfffc</load_address>
         <run_address>0xfffc</run_address>
         <size>0x2</size>
         <contents>
            <object_component_ref idref="oc-41"/>
         </contents>
      </logical_group>
      <logical_group id="lg-2c" display="no" color="cyan">
         <name>.reset</name>
         <load_address>0xfffe</load_address>
         <run_address>0xfffe</run_address>
         <size>0x2</size>
         <contents>
            <object_component_ref idref="oc-85"/>
         </contents>
      </logical_group>
      <logical_group id="lg-235" display="no" color="cyan">
         <name>.TI.persistent</name>
         <run_address>0x0</run_address>
         <size>0x0</size>
         <contents>
         </contents>
      </logical_group>
      <logical_group id="lg-25b" display="never" color="cyan">
         <name>.debug_info</name>
         <load_address>0x0</load_address>
         <run_address>0x0</run_address>
         <size>0x1bca</size>
         <contents>
            <object_component_ref idref="oc-1ba"/>
            <object_component_ref idref="oc-1f2"/>
            <object_component_ref idref="oc-1b4"/>
            <object_component_ref idref="oc-14d"/>
            <object_component_ref idref="oc-1ad"/>
            <object_component_ref idref="oc-146"/>
            <object_component_ref idref="oc-153"/>
            <object_component_ref idref="oc-167"/>
            <object_component_ref idref="oc-160"/>
            <object_component_ref idref="oc-9b"/>
            <object_component_ref idref="oc-15a"/>
            <object_component_ref idref="oc-b3"/>
            <object_component_ref idref="oc-121"/>
            <object_component_ref idref="oc-93"/>
            <object_component_ref idref="oc-b0"/>
            <object_component_ref idref="oc-88"/>
            <object_component_ref idref="oc-83"/>
            <object_component_ref idref="oc-c5"/>
            <object_component_ref idref="oc-119"/>
            <object_component_ref idref="oc-170"/>
            <object_component_ref idref="oc-275"/>
         </contents>
      </logical_group>
      <logical_group id="lg-25d" display="never" color="cyan">
         <name>.debug_line</name>
         <load_address>0x0</load_address>
         <run_address>0x0</run_address>
         <size>0x54b</size>
         <contents>
            <object_component_ref idref="oc-1f9"/>
            <object_component_ref idref="oc-1f5"/>
            <object_component_ref idref="oc-1b7"/>
            <object_component_ref idref="oc-150"/>
            <object_component_ref idref="oc-1b0"/>
            <object_component_ref idref="oc-149"/>
            <object_component_ref idref="oc-156"/>
            <object_component_ref idref="oc-166"/>
            <object_component_ref idref="oc-15f"/>
            <object_component_ref idref="oc-9e"/>
            <object_component_ref idref="oc-15d"/>
            <object_component_ref idref="oc-b7"/>
            <object_component_ref idref="oc-11f"/>
            <object_component_ref idref="oc-91"/>
            <object_component_ref idref="oc-af"/>
            <object_component_ref idref="oc-87"/>
            <object_component_ref idref="oc-f5"/>
            <object_component_ref idref="oc-c8"/>
            <object_component_ref idref="oc-11c"/>
            <object_component_ref idref="oc-172"/>
         </contents>
      </logical_group>
      <logical_group id="lg-25f" display="never" color="cyan">
         <name>.debug_frame</name>
         <load_address>0x0</load_address>
         <run_address>0x0</run_address>
         <size>0x368</size>
         <contents>
            <object_component_ref idref="oc-1f1"/>
            <object_component_ref idref="oc-1b8"/>
            <object_component_ref idref="oc-151"/>
            <object_component_ref idref="oc-1b1"/>
            <object_component_ref idref="oc-14a"/>
            <object_component_ref idref="oc-157"/>
            <object_component_ref idref="oc-16a"/>
            <object_component_ref idref="oc-163"/>
            <object_component_ref idref="oc-15c"/>
            <object_component_ref idref="oc-b6"/>
            <object_component_ref idref="oc-11e"/>
            <object_component_ref idref="oc-c9"/>
            <object_component_ref idref="oc-118"/>
            <object_component_ref idref="oc-16f"/>
         </contents>
      </logical_group>
      <logical_group id="lg-261" display="never" color="cyan">
         <name>.debug_abbrev</name>
         <load_address>0x0</load_address>
         <run_address>0x0</run_address>
         <size>0x6d5</size>
         <contents>
            <object_component_ref idref="oc-1f8"/>
            <object_component_ref idref="oc-227"/>
            <object_component_ref idref="oc-1f7"/>
            <object_component_ref idref="oc-1b9"/>
            <object_component_ref idref="oc-1f6"/>
            <object_component_ref idref="oc-1b2"/>
            <object_component_ref idref="oc-1bb"/>
            <object_component_ref idref="oc-169"/>
            <object_component_ref idref="oc-162"/>
            <object_component_ref idref="oc-9d"/>
            <object_component_ref idref="oc-1bc"/>
            <object_component_ref idref="oc-10e"/>
            <object_component_ref idref="oc-16c"/>
            <object_component_ref idref="oc-f8"/>
            <object_component_ref idref="oc-10d"/>
            <object_component_ref idref="oc-f6"/>
            <object_component_ref idref="oc-f4"/>
            <object_component_ref idref="oc-124"/>
            <object_component_ref idref="oc-144"/>
            <object_component_ref idref="oc-1bd"/>
            <object_component_ref idref="oc-276"/>
         </contents>
      </logical_group>
      <logical_group id="lg-263" display="never" color="cyan">
         <name>.debug_str</name>
         <load_address>0x0</load_address>
         <run_address>0x0</run_address>
         <size>0xfe</size>
         <contents>
            <object_component_ref idref="oc-9f"/>
         </contents>
      </logical_group>
      <logical_group id="lg-265" display="never" color="cyan">
         <name>.debug_aranges</name>
         <load_address>0x0</load_address>
         <run_address>0x0</run_address>
         <size>0x220</size>
         <contents>
            <object_component_ref idref="oc-1f3"/>
            <object_component_ref idref="oc-1b5"/>
            <object_component_ref idref="oc-14f"/>
            <object_component_ref idref="oc-1af"/>
            <object_component_ref idref="oc-148"/>
            <object_component_ref idref="oc-154"/>
            <object_component_ref idref="oc-16b"/>
            <object_component_ref idref="oc-161"/>
            <object_component_ref idref="oc-159"/>
            <object_component_ref idref="oc-b5"/>
            <object_component_ref idref="oc-120"/>
            <object_component_ref idref="oc-92"/>
            <object_component_ref idref="oc-ae"/>
            <object_component_ref idref="oc-8a"/>
            <object_component_ref idref="oc-c7"/>
            <object_component_ref idref="oc-11a"/>
            <object_component_ref idref="oc-16e"/>
         </contents>
      </logical_group>
      <logical_group id="lg-267" display="never" color="cyan">
         <name>.debug_pubnames</name>
         <load_address>0x0</load_address>
         <run_address>0x0</run_address>
         <size>0x2a7</size>
         <contents>
            <object_component_ref idref="oc-1f4"/>
            <object_component_ref idref="oc-1b6"/>
            <object_component_ref idref="oc-14e"/>
            <object_component_ref idref="oc-1ae"/>
            <object_component_ref idref="oc-147"/>
            <object_component_ref idref="oc-155"/>
            <object_component_ref idref="oc-168"/>
            <object_component_ref idref="oc-164"/>
            <object_component_ref idref="oc-15b"/>
            <object_component_ref idref="oc-b4"/>
            <object_component_ref idref="oc-122"/>
            <object_component_ref idref="oc-94"/>
            <object_component_ref idref="oc-b1"/>
            <object_component_ref idref="oc-89"/>
            <object_component_ref idref="oc-84"/>
            <object_component_ref idref="oc-c6"/>
            <object_component_ref idref="oc-11b"/>
            <object_component_ref idref="oc-171"/>
         </contents>
      </logical_group>
      <logical_group id="lg-269" display="never" color="cyan">
         <name>.debug_pubtypes</name>
         <load_address>0x0</load_address>
         <run_address>0x0</run_address>
         <size>0xed</size>
         <contents>
            <object_component_ref idref="oc-9c"/>
         </contents>
      </logical_group>
      <load_segment id="lg-277" display="no" color="cyan">
         <name>SEGMENT_0</name>
         <run_address>0x2b0</run_address>
         <size>0x50</size>
         <flags>0x6</flags>
         <contents>
            <logical_group_ref idref="lg-6"/>
         </contents>
      </load_segment>
      <load_segment id="lg-278" display="no" color="cyan">
         <name>SEGMENT_1</name>
         <load_address>0xe000</load_address>
         <run_address>0xe000</run_address>
         <size>0x25e</size>
         <flags>0x5</flags>
         <contents>
            <logical_group_ref idref="lg-7"/>
            <logical_group_ref idref="lg-9"/>
         </contents>
      </load_segment>
      <load_segment id="lg-279" display="no" color="cyan">
         <name>SEGMENT_2</name>
         <load_address>0xffe4</load_address>
         <run_address>0xffe4</run_address>
         <size>0x6</size>
         <flags>0x4</flags>
         <contents>
            <logical_group_ref idref="lg-17"/>
            <logical_group_ref idref="lg-19"/>
            <logical_group_ref idref="lg-1b"/>
         </contents>
      </load_segment>
      <load_segment id="lg-27a" display="no" color="cyan">
         <name>SEGMENT_3</name>
         <load_address>0xfff0</load_address>
         <run_address>0xfff0</run_address>
         <size>0x8</size>
         <flags>0x4</flags>
         <contents>
            <logical_group_ref idref="lg-20"/>
            <logical_group_ref idref="lg-22"/>
            <logical_group_ref idref="lg-24"/>
            <logical_group_ref idref="lg-26"/>
         </contents>
      </load_segment>
      <load_segment id="lg-27b" display="no" color="cyan">
         <name>SEGMENT_4</name>
         <load_address>0xfffc</load_address>
         <run_address>0xfffc</run_address>
         <size>0x4</size>
         <flags>0x4</flags>
         <contents>
            <logical_group_ref idref="lg-2a"/>
            <logical_group_ref idref="lg-2c"/>
         </contents>
      </load_segment>
   </logical_group_list>
   <placement_map>
      <memory_area display="no" color="green">
         <name>SFR</name>
         <page_id>0x0</page_id>
         <origin>0x0</origin>
         <length>0x10</length>
         <used_space>0x0</used_space>
         <unused_space>0x10</unused_space>
         <attributes>RWIX</attributes>
         <usage_details>
         </usage_details>
      </memory_area>
      <memory_area display="yes" color="green">
         <name>PERIPHERALS_8BIT</name>
         <page_id>0x0</page_id>
         <origin>0x10</origin>
         <length>0xf0</length>
         <used_space>0x0</used_space>
         <unused_space>0xf0</unused_space>
         <attributes>RWIX</attributes>
         <usage_details>
         </usage_details>
      </memory_area>
      <memory_area display="yes" color="green">
         <name>PERIPHERALS_16BIT</name>
         <page_id>0x0</page_id>
         <origin>0x100</origin>
         <length>0x100</length>
         <used_space>0x0</used_space>
         <unused_space>0x100</unused_space>
         <attributes>RWIX</attributes>
         <usage_details>
         </usage_details>
      </memory_area>
      <memory_area display="yes" color="green">
         <name>RAM</name>
         <page_id>0x0</page_id>
         <origin>0x200</origin>
         <length>0x100</length>
         <used_space>0x50</used_space>
         <unused_space>0xb0</unused_space>
         <attributes>RWIX</attributes>
         <usage_details>
            <available_space>
               <start_address>0x200</start_address>
               <size>0xb0</size>
            </available_space>
            <allocated_space>
               <start_address>0x2b0</start_address>
               <size>0x50</size>
               <logical_group_ref idref="lg-6"/>
            </allocated_space>
         </usage_details>
      </memory_area>
      <memory_area display="no" color="green">
         <name>INFOD</name>
         <page_id>0x0</page_id>
         <origin>0x1000</origin>
         <length>0x40</length>
         <used_space>0x0</used_space>
         <unused_space>0x40</unused_space>
         <attributes>RWIX</attributes>
         <usage_details>
         </usage_details>
      </memory_area>
      <memory_area display="no" color="green">
         <name>INFOC</name>
         <page_id>0x0</page_id>
         <origin>0x1040</origin>
         <length>0x40</length>
         <used_space>0x0</used_space>
         <unused_space>0x40</unused_space>
         <attributes>RWIX</attributes>
         <usage_details>
         </usage_details>
      </memory_area>
      <memory_area display="no" color="green">
         <name>INFOB</name>
         <page_id>0x0</page_id>
         <origin>0x1080</origin>
         <length>0x40</length>
         <used_space>0x0</used_space>
         <unused_space>0x40</unused_space>
         <attributes>RWIX</attributes>
         <usage_details>
         </usage_details>
      </memory_area>
      <memory_area display="no" color="green">
         <name>INFOA</name>
         <page_id>0x0</page_id>
         <origin>0x10c0</origin>
         <length>0x40</length>
         <used_space>0x0</used_space>
         <unused_space>0x40</unused_space>
         <attributes>RWIX</attributes>
         <usage_details>
         </usage_details>
      </memory_area>
      <memory_area display="yes" color="green">
         <name>FLASH</name>
         <page_id>0x0</page_id>
         <origin>0xe000</origin>
         <length>0x1fe0</length>
         <used_space>0x25e</used_space>
         <unused_space>0x1d82</unused_space>
         <attributes>RWIX</attributes>
         <usage_details>
            <allocated_space>
               <start_address>0xe000</start_address>
               <size>0x0</size>
               <logical_group_ref idref="lg-c"/>
            </allocated_space>
            <allocated_space>
               <start_address>0xe000</start_address>
               <size>0x242</size>
               <logical_group_ref idref="lg-7"/>
            </allocated_space>
            <allocated_space>
               <start_address>0xe242</start_address>
               <size>0x1c</size>
               <logical_group_ref idref="lg-9"/>
            </allocated_space>
            <available_space>
               <start_address>0xe25e</start_address>
               <size>0x1d82</size>
            </available_space>
         </usage_details>
      </memory_area>
      <memory_area display="no" color="green">
         <name>INT00</name>
         <page_id>0x0</page_id>
         <origin>0xffe0</origin>
         <length>0x2</length>
         <used_space>0x0</used_space>
         <unused_space>0x2</unused_space>
         <attributes>RWIX</attributes>
         <usage_details>
         </usage_details>
      </memory_area>
      <memory_area display="no" color="green">
         <name>INT01</name>
         <page_id>0x0</page_id>
         <origin>0xffe2</origin>
         <length>0x2</length>
         <used_space>0x0</used_space>
         <unused_space>0x2</unused_space>
         <attributes>RWIX</attributes>
         <usage_details>
         </usage_details>
      </memory_area>
      <memory_area display="no" color="green">
         <name>INT02</name>
         <page_id>0x0</page_id>
         <origin>0xffe4</origin>
         <length>0x2</length>
         <used_space>0x2</used_space>
         <unused_space>0x0</unused_space>
         <attributes>RWIX</attributes>
         <usage_details>
            <allocated_space>
               <start_address>0xffe4</start_address>
               <size>0x2</size>
               <logical_group_ref idref="lg-17"/>
            </allocated_space>
         </usage_details>
      </memory_area>
      <memory_area display="no" color="green">
         <name>INT03</name>
         <page_id>0x0</page_id>
         <origin>0xffe6</origin>
         <length>0x2</length>
         <used_space>0x2</used_space>
         <unused_space>0x0</unused_space>
         <attributes>RWIX</attributes>
         <usage_details>
            <allocated_space>
               <start_address>0xffe6</start_address>
               <size>0x2</size>
               <logical_group_ref idref="lg-19"/>
            </allocated_space>
         </usage_details>
      </memory_area>
      <memory_area display="no" color="green">
         <name>INT04</name>
         <page_id>0x0</page_id>
         <origin>0xffe8</origin>
         <length>0x2</length>
         <used_space>0x2</used_space>
         <unused_space>0x0</unused_space>
         <attributes>RWIX</attributes>
         <usage_details>
            <allocated_space>
               <start_address>0xffe8</start_address>
               <size>0x2</size>
               <logical_group_ref idref="lg-1b"/>
            </allocated_space>
         </usage_details>
      </memory_area>
      <memory_area display="no" color="green">
         <name>INT05</name>
         <page_id>0x0</page_id>
         <origin>0xffea</origin>
         <length>0x2</length>
         <used_space>0x0</used_space>
         <unused_space>0x2</unused_space>
         <attributes>RWIX</attributes>
         <usage_details>
         </usage_details>
      </memory_area>
      <memory_area display="no" color="green">
         <name>INT06</name>
         <page_id>0x0</page_id>
         <origin>0xffec</origin>
         <length>0x2</length>
         <used_space>0x0</used_space>
         <unused_space>0x2</unused_space>
         <attributes>RWIX</attributes>
         <usage_details>
         </usage_details>
      </memory_area>
      <memory_area display="no" color="green">
         <name>INT07</name>
         <page_id>0x0</page_id>
         <origin>0xffee</origin>
         <length>0x2</length>
         <used_space>0x0</used_space>
         <unused_space>0x2</unused_space>
         <attributes>RWIX</attributes>
         <usage_details>
         </usage_details>
      </memory_area>
      <memory_area display="no" color="green">
         <name>INT08</name>
         <page_id>0x0</page_id>
         <origin>0xfff0</origin>
         <length>0x2</length>
         <used_space>0x2</used_space>
         <unused_space>0x0</unused_space>
         <attributes>RWIX</attributes>
         <usage_details>
            <allocated_space>
               <start_address>0xfff0</start_address>
               <size>0x2</size>
               <logical_group_ref idref="lg-20"/>
            </allocated_space>
         </usage_details>
      </memory_area>
      <memory_area display="no" color="green">
         <name>INT09</name>
         <page_id>0x0</page_id>
         <origin>0xfff2</origin>
         <length>0x2</length>
         <used_space>0x2</used_space>
         <unused_space>0x0</unused_space>
         <attributes>RWIX</attributes>
         <usage_details>
            <allocated_space>
               <start_address>0xfff2</start_address>
               <size>0x2</size>
               <logical_group_ref idref="lg-22"/>
            </allocated_space>
         </usage_details>
      </memory_area>
      <memory_area display="no" color="green">
         <name>INT10</name>
         <page_id>0x0</page_id>
         <origin>0xfff4</origin>
         <length>0x2</length>
         <used_space>0x2</used_space>
         <unused_space>0x0</unused_space>
         <attributes>RWIX</attributes>
         <usage_details>
            <allocated_space>
               <start_address>0xfff4</start_address>
               <size>0x2</size>
               <logical_group_ref idref="lg-24"/>
            </allocated_space>
         </usage_details>
      </memory_area>
      <memory_area display="no" color="green">
         <name>INT11</name>
         <page_id>0x0</page_id>
         <origin>0xfff6</origin>
         <length>0x2</length>
         <used_space>0x2</used_space>
         <unused_space>0x0</unused_space>
         <attributes>RWIX</attributes>
         <usage_details>
            <allocated_space>
               <start_address>0xfff6</start_address>
               <size>0x2</size>
               <logical_group_ref idref="lg-26"/>
            </allocated_space>
         </usage_details>
      </memory_area>
      <memory_area display="no" color="green">
         <name>INT12</name>
         <page_id>0x0</page_id>
         <origin>0xfff8</origin>
         <length>0x2</length>
         <used_space>0x0</used_space>
         <unused_space>0x2</unused_space>
         <attributes>RWIX</attributes>
         <usage_details>
         </usage_details>
      </memory_area>
      <memory_area display="no" color="green">
         <name>INT13</name>
         <page_id>0x0</page_id>
         <origin>0xfffa</origin>
         <length>0x2</length>
         <used_space>0x0</used_space>
         <unused_space>0x2</unused_space>
         <attributes>RWIX</attributes>
         <usage_details>
         </usage_details>
      </memory_area>
      <memory_area display="no" color="green">
         <name>INT14</name>
         <page_id>0x0</page_id>
         <origin>0xfffc</origin>
         <length>0x2</length>
         <used_space>0x2</used_space>
         <unused_space>0x0</unused_space>
         <attributes>RWIX</attributes>
         <usage_details>
            <allocated_space>
               <start_address>0xfffc</start_address>
               <size>0x2</size>
               <logical_group_ref idref="lg-2a"/>
            </allocated_space>
         </usage_details>
      </memory_area>
      <memory_area display="no" color="green">
         <name>RESET</name>
         <page_id>0x0</page_id>
         <origin>0xfffe</origin>
         <length>0x2</length>
         <used_space>0x2</used_space>
         <unused_space>0x0</unused_space>
         <attributes>RWIX</attributes>
         <usage_details>
            <allocated_space>
               <start_address>0xfffe</start_address>
               <size>0x2</size>
               <logical_group_ref idref="lg-2c"/>
            </allocated_space>
         </usage_details>
      </memory_area>
   </placement_map>
   <symbol_table>
      <symbol id="sm-1">
         <name>IE1</name>
         <value>0x0</value>
      </symbol>
      <symbol id="sm-2">
         <name>IFG1</name>
         <value>0x2</value>
      </symbol>
      <symbol id="sm-3">
         <name>DCOCTL</name>
         <value>0x56</value>
      </symbol>
      <symbol id="sm-4">
         <name>BCSCTL1</name>
         <value>0x57</value>
      </symbol>
      <symbol id="sm-5">
         <name>BCSCTL2</name>
         <value>0x58</value>
      </symbol>
      <symbol id="sm-6">
         <name>BCSCTL3</name>
         <value>0x53</value>
      </symbol>
      <symbol id="sm-7">
         <name>CACTL1</name>
         <value>0x59</value>
      </symbol>
      <symbol id="sm-8">
         <name>CACTL2</name>
         <value>0x5a</value>
      </symbol>
      <symbol id="sm-9">
         <name>CAPD</name>
         <value>0x5b</value>
      </symbol>
      <symbol id="sm-a">
         <name>FCTL1</name>
         <value>0x128</value>
      </symbol>
      <symbol id="sm-b">
         <name>FCTL2</name>
         <value>0x12a</value>
      </symbol>
      <symbol id="sm-c">
         <name>FCTL3</name>
         <value>0x12c</value>
      </symbol>
      <symbol id="sm-d">
         <name>P1IN</name>
         <value>0x20</value>
      </symbol>
      <symbol id="sm-e">
         <name>P1OUT</name>
         <value>0x21</value>
      </symbol>
      <symbol id="sm-f">
         <name>P1DIR</name>
         <value>0x22</value>
      </symbol>
      <symbol id="sm-10">
         <name>P1IFG</name>
         <value>0x23</value>
      </symbol>
      <symbol id="sm-11">
         <name>P1IES</name>
         <value>0x24</value>
      </symbol>
      <symbol id="sm-12">
         <name>P1IE</name>
         <value>0x25</value>
      </symbol>
      <symbol id="sm-13">
         <name>P1SEL</name>
         <value>0x26</value>
      </symbol>
      <symbol id="sm-14">
         <name>P1SEL2</name>
         <value>0x41</value>
      </symbol>
      <symbol id="sm-15">
         <name>P1REN</name>
         <value>0x27</value>
      </symbol>
      <symbol id="sm-16">
         <name>P2IN</name>
         <value>0x28</value>
      </symbol>
      <symbol id="sm-17">
         <name>P2OUT</name>
         <value>0x29</value>
      </symbol>
      <symbol id="sm-18">
         <name>P2DIR</name>
         <value>0x2a</value>
      </symbol>
      <symbol id="sm-19">
         <name>P2IFG</name>
         <value>0x2b</value>
      </symbol>
      <symbol id="sm-1a">
         <name>P2IES</name>
         <value>0x2c</value>
      </symbol>
      <symbol id="sm-1b">
         <name>P2IE</name>
         <value>0x2d</value>
      </symbol>
      <symbol id="sm-1c">
         <name>P2SEL</name>
         <value>0x2e</value>
      </symbol>
      <symbol id="sm-1d">
         <name>P2SEL2</name>
         <value>0x42</value>
      </symbol>
      <symbol id="sm-1e">
         <name>P2REN</name>
         <value>0x2f</value>
      </symbol>
      <symbol id="sm-1f">
         <name>TA0IV</name>
         <value>0x12e</value>
      </symbol>
      <symbol id="sm-20">
         <name>TA0CTL</name>
         <value>0x160</value>
      </symbol>
      <symbol id="sm-21">
         <name>TA0CCTL0</name>
         <value>0x162</value>
      </symbol>
      <symbol id="sm-22">
         <name>TA0CCTL1</name>
         <value>0x164</value>
      </symbol>
      <symbol id="sm-23">
         <name>TA0CCTL2</name>
         <value>0x166</value>
      </symbol>
      <symbol id="sm-24">
         <name>TA0R</name>
         <value>0x170</value>
      </symbol>
      <symbol id="sm-25">
         <name>TA0CCR0</name>
         <value>0x172</value>
      </symbol>
      <symbol id="sm-26">
         <name>TA0CCR1</name>
         <value>0x174</value>
      </symbol>
      <symbol id="sm-27">
         <name>TA0CCR2</name>
         <value>0x176</value>
      </symbol>
      <symbol id="sm-28">
         <name>USICTL0</name>
         <value>0x78</value>
      </symbol>
      <symbol id="sm-29">
         <name>USICTL1</name>
         <value>0x79</value>
      </symbol>
      <symbol id="sm-2a">
         <name>USICKCTL</name>
         <value>0x7a</value>
      </symbol>
      <symbol id="sm-2b">
         <name>USICNT</name>
         <value>0x7b</value>
      </symbol>
      <symbol id="sm-2c">
         <name>USISRL</name>
         <value>0x7c</value>
      </symbol>
      <symbol id="sm-2d">
         <name>USISRH</name>
         <value>0x7d</value>
      </symbol>
      <symbol id="sm-2e">
         <name>USICTL</name>
         <value>0x78</value>
      </symbol>
      <symbol id="sm-2f">
         <name>USICCTL</name>
         <value>0x7a</value>
      </symbol>
      <symbol id="sm-30">
         <name>USISR</name>
         <value>0x7c</value>
      </symbol>
      <symbol id="sm-31">
         <name>WDTCTL</name>
         <value>0x120</value>
      </symbol>
      <symbol id="sm-32">
         <name>CALDCO_16MHZ</name>
         <value>0x10f8</value>
      </symbol>
      <symbol id="sm-33">
         <name>CALBC1_16MHZ</name>
         <value>0x10f9</value>
      </symbol>
      <symbol id="sm-34">
         <name>CALDCO_12MHZ</name>
         <value>0x10fa</value>
      </symbol>
      <symbol id="sm-35">
         <name>CALBC1_12MHZ</name>
         <value>0x10fb</value>
      </symbol>
      <symbol id="sm-36">
         <name>CALDCO_8MHZ</name>
         <value>0x10fc</value>
      </symbol>
      <symbol id="sm-37">
         <name>CALBC1_8MHZ</name>
         <value>0x10fd</value>
      </symbol>
      <symbol id="sm-38">
         <name>CALDCO_1MHZ</name>
         <value>0x10fe</value>
      </symbol>
      <symbol id="sm-39">
         <name>CALBC1_1MHZ</name>
         <value>0x10ff</value>
      </symbol>
      <symbol id="sm-3a">
         <name>TLV_CHECKSUM</name>
         <value>0x10c0</value>
      </symbol>
      <symbol id="sm-3b">
         <name>TLV_DCO_30_TAG</name>
         <value>0x10f6</value>
      </symbol>
      <symbol id="sm-3c">
         <name>TLV_DCO_30_LEN</name>
         <value>0x10f7</value>
      </symbol>
      <symbol id="sm-3d">
         <name>TLV_ADC10_1_TAG</name>
         <value>0x10da</value>
      </symbol>
      <symbol id="sm-3e">
         <name>TLV_ADC10_1_LEN</name>
         <value>0x10db</value>
      </symbol>
      <symbol id="sm-3f">
         <name>__STACK_SIZE</name>
         <value>0x50</value>
      </symbol>
      <symbol id="sm-40">
         <name>__STACK_END</name>
         <value>0x300</value>
      </symbol>
      <symbol id="sm-41">
         <name>__c_args__</name>
         <value>0xffffffff</value>
      </symbol>
      <symbol id="sm-42">
         <name>__TI_pprof_out_hndl</name>
         <value>0xffffffff</value>
      </symbol>
      <symbol id="sm-43">
         <name>__TI_prof_data_start</name>
         <value>0xffffffff</value>
      </symbol>
      <symbol id="sm-44">
         <name>__TI_prof_data_size</name>
         <value>0xffffffff</value>
      </symbol>
      <symbol id="sm-bb">
         <name>LCD4bits_Cursor_Position</name>
         <value>0xe134</value>
         <object_component_ref idref="oc-152"/>
      </symbol>
      <symbol id="sm-bc">
         <name>LCD4bits_Cmd</name>
         <value>0xe0c0</value>
         <object_component_ref idref="oc-1ac"/>
      </symbol>
      <symbol id="sm-bd">
         <name>LCD4bits_Data</name>
         <value>0xe164</value>
         <object_component_ref idref="oc-1b3"/>
      </symbol>
      <symbol id="sm-be">
         <name>LCD4bits_Cursor_Off</name>
         <value>0xe216</value>
         <object_component_ref idref="oc-165"/>
      </symbol>
      <symbol id="sm-bf">
         <name>LCD4bits_SendString</name>
         <value>0xe1da</value>
         <object_component_ref idref="oc-14c"/>
      </symbol>
      <symbol id="sm-c0">
         <name>LCD4bits_Init</name>
         <value>0xe000</value>
         <object_component_ref idref="oc-145"/>
      </symbol>
      <symbol id="sm-c1">
         <name>LCD4bits_Write_data_control</name>
         <value>0xe0fc</value>
         <object_component_ref idref="oc-1f0"/>
      </symbol>
      <symbol id="sm-c2">
         <name>LCD4bits_Clear</name>
         <value>0xe220</value>
         <object_component_ref idref="oc-15e"/>
      </symbol>
      <symbol id="sm-d3">
         <name>__TI_int09</name>
         <value>0xfff2</value>
         <object_component_ref idref="oc-3e"/>
      </symbol>
      <symbol id="sm-d4">
         <name>Timer_Delay</name>
         <value>0xe1be</value>
         <object_component_ref idref="oc-158"/>
      </symbol>
      <symbol id="sm-d5">
         <name>Timer_A</name>
         <value>0xe228</value>
         <object_component_ref idref="oc-b2"/>
      </symbol>
      <symbol id="sm-e3">
         <name>main</name>
         <value>0xe06a</value>
         <object_component_ref idref="oc-11d"/>
      </symbol>
      <symbol id="sm-ed">
         <name>__mspabi_func_epilog_2</name>
         <value>0xe210</value>
         <object_component_ref idref="oc-90"/>
      </symbol>
      <symbol id="sm-ee">
         <name>__mspabi_func_epilog_3</name>
         <value>0xe20e</value>
         <object_component_ref idref="oc-90"/>
      </symbol>
      <symbol id="sm-ef">
         <name>__mspabi_func_epilog_1</name>
         <value>0xe212</value>
         <object_component_ref idref="oc-90"/>
      </symbol>
      <symbol id="sm-f0">
         <name>__mspabi_func_epilog_6</name>
         <value>0xe208</value>
         <object_component_ref idref="oc-90"/>
      </symbol>
      <symbol id="sm-f1">
         <name>__mspabi_func_epilog_7</name>
         <value>0xe206</value>
         <object_component_ref idref="oc-90"/>
      </symbol>
      <symbol id="sm-f2">
         <name>__mspabi_func_epilog_4</name>
         <value>0xe20c</value>
         <object_component_ref idref="oc-90"/>
      </symbol>
      <symbol id="sm-f3">
         <name>__mspabi_func_epilog_5</name>
         <value>0xe20a</value>
         <object_component_ref idref="oc-90"/>
      </symbol>
      <symbol id="sm-f6">
         <name>__TI_int02</name>
         <value>0xffe4</value>
         <object_component_ref idref="oc-3a"/>
      </symbol>
      <symbol id="sm-f9">
         <name>__TI_int03</name>
         <value>0xffe6</value>
         <object_component_ref idref="oc-3b"/>
      </symbol>
      <symbol id="sm-fc">
         <name>__TI_int04</name>
         <value>0xffe8</value>
         <object_component_ref idref="oc-3c"/>
      </symbol>
      <symbol id="sm-ff">
         <name>__TI_int08</name>
         <value>0xfff0</value>
         <object_component_ref idref="oc-3d"/>
      </symbol>
      <symbol id="sm-102">
         <name>__TI_int10</name>
         <value>0xfff4</value>
         <object_component_ref idref="oc-3f"/>
      </symbol>
      <symbol id="sm-105">
         <name>__TI_int11</name>
         <value>0xfff6</value>
         <object_component_ref idref="oc-40"/>
      </symbol>
      <symbol id="sm-108">
         <name>__TI_int14</name>
         <value>0xfffc</value>
         <object_component_ref idref="oc-41"/>
      </symbol>
      <symbol id="sm-110">
         <name>__TI_ISR_TRAP</name>
         <value>0xe230</value>
         <object_component_ref idref="oc-ad"/>
      </symbol>
      <symbol id="sm-118">
         <name>__mspabi_slli</name>
         <value>0xe192</value>
         <object_component_ref idref="oc-86"/>
      </symbol>
      <symbol id="sm-119">
         <name>__mspabi_slli_9</name>
         <value>0xe1aa</value>
         <object_component_ref idref="oc-86"/>
      </symbol>
      <symbol id="sm-11a">
         <name>__mspabi_slli_8</name>
         <value>0xe1ac</value>
         <object_component_ref idref="oc-86"/>
      </symbol>
      <symbol id="sm-11b">
         <name>__mspabi_slli_7</name>
         <value>0xe1ae</value>
         <object_component_ref idref="oc-86"/>
      </symbol>
      <symbol id="sm-11c">
         <name>__mspabi_slli_6</name>
         <value>0xe1b0</value>
         <object_component_ref idref="oc-86"/>
      </symbol>
      <symbol id="sm-11d">
         <name>__mspabi_slli_5</name>
         <value>0xe1b2</value>
         <object_component_ref idref="oc-86"/>
      </symbol>
      <symbol id="sm-11e">
         <name>__mspabi_slli_4</name>
         <value>0xe1b4</value>
         <object_component_ref idref="oc-86"/>
      </symbol>
      <symbol id="sm-11f">
         <name>__mspabi_slli_3</name>
         <value>0xe1b6</value>
         <object_component_ref idref="oc-86"/>
      </symbol>
      <symbol id="sm-120">
         <name>__mspabi_slli_2</name>
         <value>0xe1b8</value>
         <object_component_ref idref="oc-86"/>
      </symbol>
      <symbol id="sm-121">
         <name>__mspabi_slli_1</name>
         <value>0xe1ba</value>
         <object_component_ref idref="oc-86"/>
      </symbol>
      <symbol id="sm-122">
         <name>__mspabi_slli_15</name>
         <value>0xe19e</value>
         <object_component_ref idref="oc-86"/>
      </symbol>
      <symbol id="sm-123">
         <name>__mspabi_slli_14</name>
         <value>0xe1a0</value>
         <object_component_ref idref="oc-86"/>
      </symbol>
      <symbol id="sm-124">
         <name>__mspabi_slli_13</name>
         <value>0xe1a2</value>
         <object_component_ref idref="oc-86"/>
      </symbol>
      <symbol id="sm-125">
         <name>__mspabi_slli_12</name>
         <value>0xe1a4</value>
         <object_component_ref idref="oc-86"/>
      </symbol>
      <symbol id="sm-126">
         <name>__mspabi_slli_11</name>
         <value>0xe1a6</value>
         <object_component_ref idref="oc-86"/>
      </symbol>
      <symbol id="sm-127">
         <name>__mspabi_slli_10</name>
         <value>0xe1a8</value>
         <object_component_ref idref="oc-86"/>
      </symbol>
      <symbol id="sm-136">
         <name>_c_int00_noinit_noargs</name>
         <value>0xe1f2</value>
         <object_component_ref idref="oc-c4"/>
      </symbol>
      <symbol id="sm-137">
         <name>_stack</name>
         <value>0x2b0</value>
         <object_component_ref idref="oc-82"/>
      </symbol>
      <symbol id="sm-138">
         <name>_reset_vector</name>
         <value>0xfffe</value>
         <object_component_ref idref="oc-85"/>
      </symbol>
      <symbol id="sm-145">
         <name>_system_pre_init</name>
         <value>0xe23e</value>
         <object_component_ref idref="oc-117"/>
      </symbol>
      <symbol id="sm-152">
         <name>C$$EXIT</name>
         <value>0xe238</value>
         <object_component_ref idref="oc-16d"/>
      </symbol>
      <symbol id="sm-153">
         <name>abort</name>
         <value>0xe238</value>
         <object_component_ref idref="oc-16d"/>
      </symbol>
   </symbol_table>
   <title>Link successful</title>
</link_info>
