******************************************************************************
                  MSP430 Linker PC v18.12.4                    
******************************************************************************
>> Linked Fri Mar 20 11:43:31 2020

OUTPUT FILE NAME:   <LCD8bit.out>
ENTRY POINT SYMBOL: "_c_int00_noinit_noargs"  address: 0000e168


MEMORY CONFIGURATION

         name            origin    length      used     unused   attr    fill
----------------------  --------  ---------  --------  --------  ----  --------
  SFR                   00000000   00000010  00000000  00000010  RWIX
  PERIPHERALS_8BIT      00000010   000000f0  00000000  000000f0  RWIX
  PERIPHERALS_16BIT     00000100   00000100  00000000  00000100  RWIX
  RAM                   00000200   00000100  00000050  000000b0  RWIX
  INFOD                 00001000   00000040  00000000  00000040  RWIX
  INFOC                 00001040   00000040  00000000  00000040  RWIX
  INFOB                 00001080   00000040  00000000  00000040  RWIX
  INFOA                 000010c0   00000040  00000000  00000040  RWIX
  FLASH                 0000e000   00001fe0  000001d4  00001e0c  RWIX
  INT00                 0000ffe0   00000002  00000000  00000002  RWIX
  INT01                 0000ffe2   00000002  00000000  00000002  RWIX
  INT02                 0000ffe4   00000002  00000002  00000000  RWIX
  INT03                 0000ffe6   00000002  00000002  00000000  RWIX
  INT04                 0000ffe8   00000002  00000002  00000000  RWIX
  INT05                 0000ffea   00000002  00000000  00000002  RWIX
  INT06                 0000ffec   00000002  00000000  00000002  RWIX
  INT07                 0000ffee   00000002  00000000  00000002  RWIX
  INT08                 0000fff0   00000002  00000002  00000000  RWIX
  INT09                 0000fff2   00000002  00000002  00000000  RWIX
  INT10                 0000fff4   00000002  00000002  00000000  RWIX
  INT11                 0000fff6   00000002  00000002  00000000  RWIX
  INT12                 0000fff8   00000002  00000000  00000002  RWIX
  INT13                 0000fffa   00000002  00000000  00000002  RWIX
  INT14                 0000fffc   00000002  00000002  00000000  RWIX
  RESET                 0000fffe   00000002  00000002  00000000  RWIX


SECTION ALLOCATION MAP

 output                                  attributes/
section   page    origin      length       input sections
--------  ----  ----------  ----------   ----------------
.stack     0    000002b0    00000050     UNINITIALIZED
                  000002b0    00000002     rts430_eabi.lib : boot.c.obj (.stack)
                  000002b2    0000004e     --HOLE--

.text      0    0000e000    000001b8     
                  0000e000    00000056     main.obj (.text:main)
                  0000e056    00000050     LCD8bit.obj (.text:LCD8bit_Init)
                  0000e0a6    00000034     LCD8bit.obj (.text:LCD8bit_Cmd)
                  0000e0da    00000030     LCD8bit.obj (.text:LCD8bit_Cursor_Position)
                  0000e10a    0000002a     LCD8bit.obj (.text:LCD8bit_Data)
                  0000e134    0000001c     Timer.obj (.text:Timer_Delay)
                  0000e150    00000018     LCD8bit.obj (.text:LCD8bit_SendString)
                  0000e168    00000014     rts430_eabi.lib : boot.c.obj (.text:_c_int00_noinit_noargs)
                  0000e17c    00000010                     : epilog.asm.obj (.text)
                  0000e18c    0000000a     LCD8bit.obj (.text:LCD8bit_Cursor_Off)
                  0000e196    00000008     LCD8bit.obj (.text:LCD8bit_Clear)
                  0000e19e    00000008     Timer.obj (.text:Timer_A)
                  0000e1a6    00000008     rts430_eabi.lib : isr_trap.asm.obj (.text:_isr:__TI_ISR_TRAP)
                  0000e1ae    00000006                     : exit.c.obj (.text:abort)
                  0000e1b4    00000004                     : pre_init.c.obj (.text:_system_pre_init)

.cinit     0    0000e000    00000000     UNINITIALIZED

.const     0    0000e1b8    0000001c     
                  0000e1b8    0000001c     main.obj (.const:.string)

.binit     0    0000e000    00000000     

.init_array 
*          0    0000e000    00000000     UNINITIALIZED

PORT1      0    0000ffe4    00000002     
                  0000ffe4    00000002     rts430_eabi.lib : int02.asm.obj (.int02)

PORT2      0    0000ffe6    00000002     
                  0000ffe6    00000002     rts430_eabi.lib : int03.asm.obj (.int03)

USI        0    0000ffe8    00000002     
                  0000ffe8    00000002     rts430_eabi.lib : int04.asm.obj (.int04)

TIMER0_A1 
*          0    0000fff0    00000002     
                  0000fff0    00000002     rts430_eabi.lib : int08.asm.obj (.int08)

TIMER0_A0 
*          0    0000fff2    00000002     
                  0000fff2    00000002     Timer.obj (.int09)

WDT        0    0000fff4    00000002     
                  0000fff4    00000002     rts430_eabi.lib : int10.asm.obj (.int10)

COMPARATORA 
*          0    0000fff6    00000002     
                  0000fff6    00000002     rts430_eabi.lib : int11.asm.obj (.int11)

NMI        0    0000fffc    00000002     
                  0000fffc    00000002     rts430_eabi.lib : int14.asm.obj (.int14)

.reset     0    0000fffe    00000002     
                  0000fffe    00000002     rts430_eabi.lib : boot.c.obj (.reset)

MODULE SUMMARY

       Module             code   ro data   rw data
       ------             ----   -------   -------
    .\
       LCD8bit.obj        264    0         0      
       main.obj           86     28        0      
       Timer.obj          36     2         0      
    +--+------------------+------+---------+---------+
       Total:             386    30        0      
                                                  
    C:\ti\ccs930\ccs\tools\compiler\ti-cgt-msp430_18.12.4.LTS\lib\rts430_eabi.lib
       boot.c.obj         20     2         0      
       epilog.asm.obj     16     0         0      
       isr_trap.asm.obj   8      0         0      
       exit.c.obj         6      0         0      
       pre_init.c.obj     4      0         0      
       int02.asm.obj      0      2         0      
       int03.asm.obj      0      2         0      
       int04.asm.obj      0      2         0      
       int08.asm.obj      0      2         0      
       int10.asm.obj      0      2         0      
       int11.asm.obj      0      2         0      
       int14.asm.obj      0      2         0      
    +--+------------------+------+---------+---------+
       Total:             54     16        0      
                                                  
       Stack:             0      0         80     
    +--+------------------+------+---------+---------+
       Grand Total:       440    46        80     


GLOBAL SYMBOLS: SORTED ALPHABETICALLY BY Name 

address   name                   
-------   ----                   
00000057  BCSCTL1                
00000058  BCSCTL2                
00000053  BCSCTL3                
0000e1ae  C$$EXIT                
00000059  CACTL1                 
0000005a  CACTL2                 
000010fb  CALBC1_12MHZ           
000010f9  CALBC1_16MHZ           
000010ff  CALBC1_1MHZ            
000010fd  CALBC1_8MHZ            
000010fa  CALDCO_12MHZ           
000010f8  CALDCO_16MHZ           
000010fe  CALDCO_1MHZ            
000010fc  CALDCO_8MHZ            
0000005b  CAPD                   
00000056  DCOCTL                 
00000128  FCTL1                  
0000012a  FCTL2                  
0000012c  FCTL3                  
00000000  IE1                    
00000002  IFG1                   
0000e196  LCD8bit_Clear          
0000e0a6  LCD8bit_Cmd            
0000e18c  LCD8bit_Cursor_Off     
0000e0da  LCD8bit_Cursor_Position
0000e10a  LCD8bit_Data           
0000e056  LCD8bit_Init           
0000e150  LCD8bit_SendString     
00000022  P1DIR                  
00000025  P1IE                   
00000024  P1IES                  
00000023  P1IFG                  
00000020  P1IN                   
00000021  P1OUT                  
00000027  P1REN                  
00000026  P1SEL                  
00000041  P1SEL2                 
0000002a  P2DIR                  
0000002d  P2IE                   
0000002c  P2IES                  
0000002b  P2IFG                  
00000028  P2IN                   
00000029  P2OUT                  
0000002f  P2REN                  
0000002e  P2SEL                  
00000042  P2SEL2                 
00000172  TA0CCR0                
00000174  TA0CCR1                
00000176  TA0CCR2                
00000162  TA0CCTL0               
00000164  TA0CCTL1               
00000166  TA0CCTL2               
00000160  TA0CTL                 
0000012e  TA0IV                  
00000170  TA0R                   
000010db  TLV_ADC10_1_LEN        
000010da  TLV_ADC10_1_TAG        
000010c0  TLV_CHECKSUM           
000010f7  TLV_DCO_30_LEN         
000010f6  TLV_DCO_30_TAG         
0000e19e  Timer_A                
0000e134  Timer_Delay            
0000007a  USICCTL                
0000007a  USICKCTL               
0000007b  USICNT                 
00000078  USICTL                 
00000078  USICTL0                
00000079  USICTL1                
0000007c  USISR                  
0000007d  USISRH                 
0000007c  USISRL                 
00000120  WDTCTL                 
00000300  __STACK_END            
00000050  __STACK_SIZE           
0000e1a6  __TI_ISR_TRAP          
0000ffe4  __TI_int02             
0000ffe6  __TI_int03             
0000ffe8  __TI_int04             
0000fff0  __TI_int08             
0000fff2  __TI_int09             
0000fff4  __TI_int10             
0000fff6  __TI_int11             
0000fffc  __TI_int14             
ffffffff  __TI_pprof_out_hndl    
ffffffff  __TI_prof_data_size    
ffffffff  __TI_prof_data_start   
ffffffff  __c_args__             
0000e188  __mspabi_func_epilog_1 
0000e186  __mspabi_func_epilog_2 
0000e184  __mspabi_func_epilog_3 
0000e182  __mspabi_func_epilog_4 
0000e180  __mspabi_func_epilog_5 
0000e17e  __mspabi_func_epilog_6 
0000e17c  __mspabi_func_epilog_7 
0000e168  _c_int00_noinit_noargs 
0000fffe  _reset_vector          
000002b0  _stack                 
0000e1b4  _system_pre_init       
0000e1ae  abort                  
0000e000  main                   


GLOBAL SYMBOLS: SORTED BY Symbol Address 

address   name                   
-------   ----                   
00000000  IE1                    
00000002  IFG1                   
00000020  P1IN                   
00000021  P1OUT                  
00000022  P1DIR                  
00000023  P1IFG                  
00000024  P1IES                  
00000025  P1IE                   
00000026  P1SEL                  
00000027  P1REN                  
00000028  P2IN                   
00000029  P2OUT                  
0000002a  P2DIR                  
0000002b  P2IFG                  
0000002c  P2IES                  
0000002d  P2IE                   
0000002e  P2SEL                  
0000002f  P2REN                  
00000041  P1SEL2                 
00000042  P2SEL2                 
00000050  __STACK_SIZE           
00000053  BCSCTL3                
00000056  DCOCTL                 
00000057  BCSCTL1                
00000058  BCSCTL2                
00000059  CACTL1                 
0000005a  CACTL2                 
0000005b  CAPD                   
00000078  USICTL                 
00000078  USICTL0                
00000079  USICTL1                
0000007a  USICCTL                
0000007a  USICKCTL               
0000007b  USICNT                 
0000007c  USISR                  
0000007c  USISRL                 
0000007d  USISRH                 
00000120  WDTCTL                 
00000128  FCTL1                  
0000012a  FCTL2                  
0000012c  FCTL3                  
0000012e  TA0IV                  
00000160  TA0CTL                 
00000162  TA0CCTL0               
00000164  TA0CCTL1               
00000166  TA0CCTL2               
00000170  TA0R                   
00000172  TA0CCR0                
00000174  TA0CCR1                
00000176  TA0CCR2                
000002b0  _stack                 
00000300  __STACK_END            
000010c0  TLV_CHECKSUM           
000010da  TLV_ADC10_1_TAG        
000010db  TLV_ADC10_1_LEN        
000010f6  TLV_DCO_30_TAG         
000010f7  TLV_DCO_30_LEN         
000010f8  CALDCO_16MHZ           
000010f9  CALBC1_16MHZ           
000010fa  CALDCO_12MHZ           
000010fb  CALBC1_12MHZ           
000010fc  CALDCO_8MHZ            
000010fd  CALBC1_8MHZ            
000010fe  CALDCO_1MHZ            
000010ff  CALBC1_1MHZ            
0000e000  main                   
0000e056  LCD8bit_Init           
0000e0a6  LCD8bit_Cmd            
0000e0da  LCD8bit_Cursor_Position
0000e10a  LCD8bit_Data           
0000e134  Timer_Delay            
0000e150  LCD8bit_SendString     
0000e168  _c_int00_noinit_noargs 
0000e17c  __mspabi_func_epilog_7 
0000e17e  __mspabi_func_epilog_6 
0000e180  __mspabi_func_epilog_5 
0000e182  __mspabi_func_epilog_4 
0000e184  __mspabi_func_epilog_3 
0000e186  __mspabi_func_epilog_2 
0000e188  __mspabi_func_epilog_1 
0000e18c  LCD8bit_Cursor_Off     
0000e196  LCD8bit_Clear          
0000e19e  Timer_A                
0000e1a6  __TI_ISR_TRAP          
0000e1ae  C$$EXIT                
0000e1ae  abort                  
0000e1b4  _system_pre_init       
0000ffe4  __TI_int02             
0000ffe6  __TI_int03             
0000ffe8  __TI_int04             
0000fff0  __TI_int08             
0000fff2  __TI_int09             
0000fff4  __TI_int10             
0000fff6  __TI_int11             
0000fffc  __TI_int14             
0000fffe  _reset_vector          
ffffffff  __TI_pprof_out_hndl    
ffffffff  __TI_prof_data_size    
ffffffff  __TI_prof_data_start   
ffffffff  __c_args__             

[100 symbols]
